ERROR                INDEX_TOKEN             

ErrorTypes.NOT_INITIALIZE 1                       
